[debug] [2023-01-27T10:22:00.228Z] ----------------------------------------------------------------------
[debug] [2023-01-27T10:22:00.230Z] Command:       C:\Program Files\nodejs\node.exe C:\Users\Clement\AppData\Roaming\npm\node_modules\firebase-tools\lib\bin\firebase.js deploy --only hosting
[debug] [2023-01-27T10:22:00.230Z] CLI Version:   11.18.0
[debug] [2023-01-27T10:22:00.231Z] Platform:      win32
[debug] [2023-01-27T10:22:00.231Z] Node Version:  v18.9.0
[debug] [2023-01-27T10:22:00.231Z] Time:          Fri Jan 27 2023 02:22:00 GMT-0800 (Pacific Standard Time)
[debug] [2023-01-27T10:22:00.231Z] ----------------------------------------------------------------------
[debug] 
[debug] [2023-01-27T10:22:00.234Z] >>> [apiv2][query] GET https://firebase-public.firebaseio.com/cli.json [none]
[debug] [2023-01-27T10:22:00.360Z] > command requires scopes: ["email","openid","https://www.googleapis.com/auth/cloudplatformprojects.readonly","https://www.googleapis.com/auth/firebase","https://www.googleapis.com/auth/cloud-platform"]
[debug] [2023-01-27T10:22:00.361Z] > authorizing via signed-in user (clement880101@gmail.com)
[debug] [2023-01-27T10:22:00.361Z] [iam] checking project personalwebsite-4b72f for permissions ["firebase.projects.get","firebasehosting.sites.update"]
[debug] [2023-01-27T10:22:00.362Z] > refreshing access token with scopes: []
[debug] [2023-01-27T10:22:00.363Z] >>> [apiv2][query] POST https://www.googleapis.com/oauth2/v3/token [none]
[debug] [2023-01-27T10:22:00.363Z] >>> [apiv2][body] POST https://www.googleapis.com/oauth2/v3/token [omitted]
[debug] [2023-01-27T10:22:00.727Z] <<< [apiv2][status] POST https://www.googleapis.com/oauth2/v3/token 200
[debug] [2023-01-27T10:22:00.728Z] <<< [apiv2][body] POST https://www.googleapis.com/oauth2/v3/token [omitted]
[debug] [2023-01-27T10:22:00.745Z] >>> [apiv2][query] POST https://cloudresourcemanager.googleapis.com/v1/projects/personalwebsite-4b72f:testIamPermissions [none]
[debug] [2023-01-27T10:22:00.746Z] >>> [apiv2][(partial)header] POST https://cloudresourcemanager.googleapis.com/v1/projects/personalwebsite-4b72f:testIamPermissions x-goog-quota-user=projects/personalwebsite-4b72f
[debug] [2023-01-27T10:22:00.746Z] >>> [apiv2][body] POST https://cloudresourcemanager.googleapis.com/v1/projects/personalwebsite-4b72f:testIamPermissions {"permissions":["firebase.projects.get","firebasehosting.sites.update"]}
[debug] [2023-01-27T10:22:00.767Z] <<< [apiv2][status] GET https://firebase-public.firebaseio.com/cli.json 200
[debug] [2023-01-27T10:22:00.767Z] <<< [apiv2][body] GET https://firebase-public.firebaseio.com/cli.json {"cloudBuildErrorAfter":1594252800000,"cloudBuildWarnAfter":1590019200000,"defaultNode10After":1594252800000,"minVersion":"3.0.5","node8DeploysDisabledAfter":1613390400000,"node8RuntimeDisabledAfter":1615809600000,"node8WarnAfter":1600128000000}
[debug] [2023-01-27T10:22:01.175Z] <<< [apiv2][status] POST https://cloudresourcemanager.googleapis.com/v1/projects/personalwebsite-4b72f:testIamPermissions 200
[debug] [2023-01-27T10:22:01.175Z] <<< [apiv2][body] POST https://cloudresourcemanager.googleapis.com/v1/projects/personalwebsite-4b72f:testIamPermissions {"permissions":["firebase.projects.get","firebasehosting.sites.update"]}
[debug] [2023-01-27T10:22:01.177Z] >>> [apiv2][query] GET https://firebase.googleapis.com/v1beta1/projects/personalwebsite-4b72f [none]
[debug] [2023-01-27T10:22:01.671Z] <<< [apiv2][status] GET https://firebase.googleapis.com/v1beta1/projects/personalwebsite-4b72f 200
[debug] [2023-01-27T10:22:01.672Z] <<< [apiv2][body] GET https://firebase.googleapis.com/v1beta1/projects/personalwebsite-4b72f {"projectId":"personalwebsite-4b72f","projectNumber":"824149975722","displayName":"PersonalWebsite","name":"projects/personalwebsite-4b72f","resources":{"hostingSite":"personalwebsite-4b72f","storageBucket":"personalwebsite-4b72f.appspot.com","locationId":"us-central"},"state":"ACTIVE","etag":"1_5ca0c7b0-d53a-4c6f-b098-8e7a58efed56"}
[debug] [2023-01-27T10:22:06.003Z] >>> [apiv2][query] GET https://firebasehosting.googleapis.com/v1beta1/projects/personalwebsite-4b72f/sites pageToken=&pageSize=10
[debug] [2023-01-27T10:22:06.651Z] <<< [apiv2][status] GET https://firebasehosting.googleapis.com/v1beta1/projects/personalwebsite-4b72f/sites 200
[debug] [2023-01-27T10:22:06.651Z] <<< [apiv2][body] GET https://firebasehosting.googleapis.com/v1beta1/projects/personalwebsite-4b72f/sites {"sites":[{"name":"projects/personalwebsite-4b72f/sites/personalwebsite-4b72f","defaultUrl":"https://personalwebsite-4b72f.web.app","appId":"1:824149975722:web:f7cfabafc00f9bcd5766d3","type":"DEFAULT_SITE"}]}
[debug] [2023-01-27T10:22:06.652Z] >>> [apiv2][query] GET https://firebase.googleapis.com/v1beta1/projects/-/webApps/1:824149975722:web:f7cfabafc00f9bcd5766d3/config [none]
[debug] [2023-01-27T10:22:07.389Z] <<< [apiv2][status] GET https://firebase.googleapis.com/v1beta1/projects/-/webApps/1:824149975722:web:f7cfabafc00f9bcd5766d3/config 200
[debug] [2023-01-27T10:22:07.389Z] <<< [apiv2][body] GET https://firebase.googleapis.com/v1beta1/projects/-/webApps/1:824149975722:web:f7cfabafc00f9bcd5766d3/config {"projectId":"personalwebsite-4b72f","appId":"1:824149975722:web:f7cfabafc00f9bcd5766d3","storageBucket":"personalwebsite-4b72f.appspot.com","locationId":"us-central","apiKey":"AIzaSyA8O4Etd9qQANBJzz_otSqCEEHGAiU9mkg","authDomain":"personalwebsite-4b72f.firebaseapp.com","messagingSenderId":"824149975722","measurementId":"G-HJ8H8JDLP3"}
